Archive member included to satisfy reference by file (symbol)

c:/users/usuario/.platformio/packages/toolchain-gccarmnoneeabi/bin/../lib/gcc/arm-none-eabi/7.2.1/../../../../arm-none-eabi/lib/thumb/v7-m\libc_nano.a(lib_a-errno.o)
                              .pio\build\bluepill_f103c8\src\syscalls.o (__errno)
c:/users/usuario/.platformio/packages/toolchain-gccarmnoneeabi/bin/../lib/gcc/arm-none-eabi/7.2.1/../../../../arm-none-eabi/lib/thumb/v7-m\libc_nano.a(lib_a-exit.o)
                              c:/users/usuario/.platformio/packages/toolchain-gccarmnoneeabi/bin/../lib/gcc/arm-none-eabi/7.2.1/../../../../arm-none-eabi/lib/thumb/v7-m/crt0.o (exit)
c:/users/usuario/.platformio/packages/toolchain-gccarmnoneeabi/bin/../lib/gcc/arm-none-eabi/7.2.1/../../../../arm-none-eabi/lib/thumb/v7-m\libc_nano.a(lib_a-impure.o)
                              c:/users/usuario/.platformio/packages/toolchain-gccarmnoneeabi/bin/../lib/gcc/arm-none-eabi/7.2.1/../../../../arm-none-eabi/lib/thumb/v7-m\libc_nano.a(lib_a-exit.o) (_global_impure_ptr)
c:/users/usuario/.platformio/packages/toolchain-gccarmnoneeabi/bin/../lib/gcc/arm-none-eabi/7.2.1/../../../../arm-none-eabi/lib/thumb/v7-m\libc_nano.a(lib_a-init.o)
                              c:/users/usuario/.platformio/packages/toolchain-gccarmnoneeabi/bin/../lib/gcc/arm-none-eabi/7.2.1/../../../../arm-none-eabi/lib/thumb/v7-m/crt0.o (__libc_init_array)
c:/users/usuario/.platformio/packages/toolchain-gccarmnoneeabi/bin/../lib/gcc/arm-none-eabi/7.2.1/../../../../arm-none-eabi/lib/thumb/v7-m\libc_nano.a(lib_a-memset.o)
                              c:/users/usuario/.platformio/packages/toolchain-gccarmnoneeabi/bin/../lib/gcc/arm-none-eabi/7.2.1/../../../../arm-none-eabi/lib/thumb/v7-m/crt0.o (memset)
.pio\build\bluepill_f103c8\libFrameworkCMSISDevice.a(startup_stm32f103xb.o)
                              (Reset_Handler)

Allocating common symbols
Common symbol       size              file

hUsbDeviceFS        0x2c4             .pio\build\bluepill_f103c8\src\usb_device.o
uwTick              0x4               .pio\build\bluepill_f103c8\FrameworkHALDriver\Src\stm32f1xx_hal.o
pFlash              0x20              .pio\build\bluepill_f103c8\FrameworkHALDriver\Src\stm32f1xx_hal_flash.o
UserRxBufferFS      0x3e8             .pio\build\bluepill_f103c8\src\usbd_cdc_if.o
UserTxBufferFS      0x3e8             .pio\build\bluepill_f103c8\src\usbd_cdc_if.o
rxBuffer            0x100             .pio\build\bluepill_f103c8\src\usbd_cdc_if.o
hpcd_USB_FS         0x2d8             .pio\build\bluepill_f103c8\src\usbd_conf.o
lcBuffer            0x7               .pio\build\bluepill_f103c8\src\usbd_cdc_if.o
USBD_StrDesc        0x200             .pio\build\bluepill_f103c8\src\usbd_desc.o

Discarded input sections

 .text          0x00000000        0x0 c:/users/usuario/.platformio/packages/toolchain-gccarmnoneeabi/bin/../lib/gcc/arm-none-eabi/7.2.1/thumb/v7-m/crti.o
 .data          0x00000000        0x0 c:/users/usuario/.platformio/packages/toolchain-gccarmnoneeabi/bin/../lib/gcc/arm-none-eabi/7.2.1/thumb/v7-m/crti.o
 .bss           0x00000000        0x0 c:/users/usuario/.platformio/packages/toolchain-gccarmnoneeabi/bin/../lib/gcc/arm-none-eabi/7.2.1/thumb/v7-m/crti.o
 .data          0x00000000        0x4 c:/users/usuario/.platformio/packages/toolchain-gccarmnoneeabi/bin/../lib/gcc/arm-none-eabi/7.2.1/thumb/v7-m/crtbegin.o
 .text          0x00000000       0x74 c:/users/usuario/.platformio/packages/toolchain-gccarmnoneeabi/bin/../lib/gcc/arm-none-eabi/7.2.1/../../../../arm-none-eabi/lib/thumb/v7-m/crt0.o
 .data          0x00000000        0x0 c:/users/usuario/.platformio/packages/toolchain-gccarmnoneeabi/bin/../lib/gcc/arm-none-eabi/7.2.1/../../../../arm-none-eabi/lib/thumb/v7-m/crt0.o
 .bss           0x00000000        0x0 c:/users/usuario/.platformio/packages/toolchain-gccarmnoneeabi/bin/../lib/gcc/arm-none-eabi/7.2.1/../../../../arm-none-eabi/lib/thumb/v7-m/crt0.o
 .ARM.extab     0x00000000        0x0 c:/users/usuario/.platformio/packages/toolchain-gccarmnoneeabi/bin/../lib/gcc/arm-none-eabi/7.2.1/../../../../arm-none-eabi/lib/thumb/v7-m/crt0.o
 .ARM.exidx     0x00000000        0x8 c:/users/usuario/.platformio/packages/toolchain-gccarmnoneeabi/bin/../lib/gcc/arm-none-eabi/7.2.1/../../../../arm-none-eabi/lib/thumb/v7-m/crt0.o
 .ARM.attributes
                0x00000000       0x1b c:/users/usuario/.platformio/packages/toolchain-gccarmnoneeabi/bin/../lib/gcc/arm-none-eabi/7.2.1/../../../../arm-none-eabi/lib/thumb/v7-m/crt0.o
 .text          0x00000000        0x0 .pio\build\bluepill_f103c8\FrameworkHALDriver\Src\stm32f1xx_hal.o
 .data          0x00000000        0x0 .pio\build\bluepill_f103c8\FrameworkHALDriver\Src\stm32f1xx_hal.o
 .bss           0x00000000        0x0 .pio\build\bluepill_f103c8\FrameworkHALDriver\Src\stm32f1xx_hal.o
 .text.HAL_MspInit
                0x00000000        0x2 .pio\build\bluepill_f103c8\FrameworkHALDriver\Src\stm32f1xx_hal.o
 .text.HAL_MspDeInit
[...]
Memory Configuration

Name             Origin             Length             Attributes
RAM              0x20000000         0x00005000         xrw
FLASH            0x08000000         0x00010000         xr
*default*        0x00000000         0xffffffff

Linker script and memory map

LOAD c:/users/usuario/.platformio/packages/toolchain-gccarmnoneeabi/bin/../lib/gcc/arm-none-eabi/7.2.1/thumb/v7-m/crti.o
LOAD c:/users/usuario/.platformio/packages/toolchain-gccarmnoneeabi/bin/../lib/gcc/arm-none-eabi/7.2.1/thumb/v7-m/crtbegin.o
LOAD c:/users/usuario/.platformio/packages/toolchain-gccarmnoneeabi/bin/../lib/gcc/arm-none-eabi/7.2.1/../../../../arm-none-eabi/lib/thumb/v7-m/crt0.o
LOAD .pio\build\bluepill_f103c8\FrameworkHALDriver\Src\stm32f1xx_hal.o
LOAD .pio\build\bluepill_f103c8\FrameworkHALDriver\Src\stm32f1xx_hal_adc.o
LOAD .pio\build\bluepill_f103c8\FrameworkHALDriver\Src\stm32f1xx_hal_adc_ex.o
LOAD .pio\build\bluepill_f103c8\FrameworkHALDriver\Src\stm32f1xx_hal_can.o
LOAD .pio\build\bluepill_f103c8\FrameworkHALDriver\Src\stm32f1xx_hal_cec.o
LOAD .pio\build\bluepill_f103c8\FrameworkHALDriver\Src\stm32f1xx_hal_cortex.o
LOAD .pio\build\bluepill_f103c8\FrameworkHALDriver\Src\stm32f1xx_hal_crc.o
LOAD .pio\build\bluepill_f103c8\FrameworkHALDriver\Src\stm32f1xx_hal_dac.o
LOAD .pio\build\bluepill_f103c8\FrameworkHALDriver\Src\stm32f1xx_hal_dac_ex.o
LOAD .pio\build\bluepill_f103c8\FrameworkHALDriver\Src\stm32f1xx_hal_dma.o
LOAD .pio\build\bluepill_f103c8\FrameworkHALDriver\Src\stm32f1xx_hal_eth.o
LOAD .pio\build\bluepill_f103c8\FrameworkHALDriver\Src\stm32f1xx_hal_exti.o
LOAD .pio\build\bluepill_f103c8\FrameworkHALDriver\Src\stm32f1xx_hal_flash.o
LOAD .pio\build\bluepill_f103c8\FrameworkHALDriver\Src\stm32f1xx_hal_flash_ex.o
LOAD .pio\build\bluepill_f103c8\FrameworkHALDriver\Src\stm32f1xx_hal_gpio.o
LOAD .pio\build\bluepill_f103c8\FrameworkHALDriver\Src\stm32f1xx_hal_gpio_ex.o
LOAD .pio\build\bluepill_f103c8\FrameworkHALDriver\Src\stm32f1xx_hal_hcd.o
LOAD .pio\build\bluepill_f103c8\FrameworkHALDriver\Src\stm32f1xx_hal_i2c.o
LOAD .pio\build\bluepill_f103c8\FrameworkHALDriver\Src\stm32f1xx_hal_i2s.o
LOAD .pio\build\bluepill_f103c8\FrameworkHALDriver\Src\stm32f1xx_hal_irda.o
LOAD .pio\build\bluepill_f103c8\FrameworkHALDriver\Src\stm32f1xx_hal_iwdg.o
LOAD .pio\build\bluepill_f103c8\FrameworkHALDriver\Src\stm32f1xx_hal_mmc.o
LOAD .pio\build\bluepill_f103c8\FrameworkHALDriver\Src\stm32f1xx_hal_nand.o
LOAD .pio\build\bluepill_f103c8\FrameworkHALDriver\Src\stm32f1xx_hal_nor.o
LOAD .pio\build\bluepill_f103c8\FrameworkHALDriver\Src\stm32f1xx_hal_pccard.o
LOAD .pio\build\bluepill_f103c8\FrameworkHALDriver\Src\stm32f1xx_hal_pcd.o
LOAD .pio\build\bluepill_f103c8\FrameworkHALDriver\Src\stm32f1xx_hal_pcd_ex.o
LOAD .pio\build\bluepill_f103c8\FrameworkHALDriver\Src\stm32f1xx_hal_pwr.o
LOAD .pio\build\bluepill_f103c8\FrameworkHALDriver\Src\stm32f1xx_hal_rcc.o
LOAD .pio\build\bluepill_f103c8\FrameworkHALDriver\Src\stm32f1xx_hal_rcc_ex.o
LOAD .pio\build\bluepill_f103c8\FrameworkHALDriver\Src\stm32f1xx_hal_rtc.o
LOAD .pio\build\bluepill_f103c8\FrameworkHALDriver\Src\stm32f1xx_hal_rtc_ex.o
LOAD .pio\build\bluepill_f103c8\FrameworkHALDriver\Src\stm32f1xx_hal_sd.o
LOAD .pio\build\bluepill_f103c8\FrameworkHALDriver\Src\stm32f1xx_hal_smartcard.o
LOAD .pio\build\bluepill_f103c8\FrameworkHALDriver\Src\stm32f1xx_hal_spi.o
LOAD .pio\build\bluepill_f103c8\FrameworkHALDriver\Src\stm32f1xx_hal_sram.o
LOAD .pio\build\bluepill_f103c8\FrameworkHALDriver\Src\stm32f1xx_hal_tim.o
LOAD .pio\build\bluepill_f103c8\FrameworkHALDriver\Src\stm32f1xx_hal_tim_ex.o
LOAD .pio\build\bluepill_f103c8\FrameworkHALDriver\Src\stm32f1xx_hal_uart.o
LOAD .pio\build\bluepill_f103c8\FrameworkHALDriver\Src\stm32f1xx_hal_usart.o
LOAD .pio\build\bluepill_f103c8\FrameworkHALDriver\Src\stm32f1xx_hal_wwdg.o
LOAD .pio\build\bluepill_f103c8\FrameworkHALDriver\Src\stm32f1xx_ll_adc.o
LOAD .pio\build\bluepill_f103c8\FrameworkHALDriver\Src\stm32f1xx_ll_crc.o
LOAD .pio\build\bluepill_f103c8\FrameworkHALDriver\Src\stm32f1xx_ll_dac.o
LOAD .pio\build\bluepill_f103c8\FrameworkHALDriver\Src\stm32f1xx_ll_dma.o
LOAD .pio\build\bluepill_f103c8\FrameworkHALDriver\Src\stm32f1xx_ll_exti.o
LOAD .pio\build\bluepill_f103c8\FrameworkHALDriver\Src\stm32f1xx_ll_fsmc.o
LOAD .pio\build\bluepill_f103c8\FrameworkHALDriver\Src\stm32f1xx_ll_gpio.o
LOAD .pio\build\bluepill_f103c8\FrameworkHALDriver\Src\stm32f1xx_ll_i2c.o
LOAD .pio\build\bluepill_f103c8\FrameworkHALDriver\Src\stm32f1xx_ll_pwr.o
LOAD .pio\build\bluepill_f103c8\FrameworkHALDriver\Src\stm32f1xx_ll_rcc.o
LOAD .pio\build\bluepill_f103c8\FrameworkHALDriver\Src\stm32f1xx_ll_rtc.o
LOAD .pio\build\bluepill_f103c8\FrameworkHALDriver\Src\stm32f1xx_ll_sdmmc.o
LOAD .pio\build\bluepill_f103c8\FrameworkHALDriver\Src\stm32f1xx_ll_spi.o
LOAD .pio\build\bluepill_f103c8\FrameworkHALDriver\Src\stm32f1xx_ll_tim.o
LOAD .pio\build\bluepill_f103c8\FrameworkHALDriver\Src\stm32f1xx_ll_usart.o
LOAD .pio\build\bluepill_f103c8\FrameworkHALDriver\Src\stm32f1xx_ll_usb.o
LOAD .pio\build\bluepill_f103c8\FrameworkHALDriver\Src\stm32f1xx_ll_utils.o
LOAD .pio\build\bluepill_f103c8\src\main.o
LOAD .pio\build\bluepill_f103c8\src\stm32f1xx_hal_msp.o
LOAD .pio\build\bluepill_f103c8\src\stm32f1xx_it.o
LOAD .pio\build\bluepill_f103c8\src\syscalls.o
LOAD .pio\build\bluepill_f103c8\src\sysmem.o
LOAD .pio\build\bluepill_f103c8\src\system_stm32f1xx.o
LOAD .pio\build\bluepill_f103c8\src\usb_device.o
LOAD .pio\build\bluepill_f103c8\src\usbd_cdc.o
LOAD .pio\build\bluepill_f103c8\src\usbd_cdc_if.o
LOAD .pio\build\bluepill_f103c8\src\usbd_conf.o
LOAD .pio\build\bluepill_f103c8\src\usbd_core.o
LOAD .pio\build\bluepill_f103c8\src\usbd_ctlreq.o
LOAD .pio\build\bluepill_f103c8\src\usbd_desc.o
LOAD .pio\build\bluepill_f103c8\src\usbd_ioreq.o
START GROUP
LOAD .pio\build\bluepill_f103c8\lib751\libCore.a
LOAD .pio\build\bluepill_f103c8\libd9b\libCDC.a
LOAD c:/users/usuario/.platformio/packages/toolchain-gccarmnoneeabi/bin/../lib/gcc/arm-none-eabi/7.2.1/../../../../arm-none-eabi/lib/thumb/v7-m\libc_nano.a
LOAD c:/users/usuario/.platformio/packages/toolchain-gccarmnoneeabi/bin/../lib/gcc/arm-none-eabi/7.2.1/thumb/v7-m\libgcc.a
LOAD c:/users/usuario/.platformio/packages/toolchain-gccarmnoneeabi/bin/../lib/gcc/arm-none-eabi/7.2.1/../../../../arm-none-eabi/lib/thumb/v7-m\libm.a
LOAD c:/users/usuario/.platformio/packages/toolchain-gccarmnoneeabi/bin/../lib/gcc/arm-none-eabi/7.2.1/../../../../arm-none-eabi/lib/thumb/v7-m\libstdc++_nano.a
LOAD c:/users/usuario/.platformio/packages/toolchain-gccarmnoneeabi/bin/../lib/gcc/arm-none-eabi/7.2.1/../../../../arm-none-eabi/lib/thumb/v7-m\libnosys.a
LOAD .pio\build\bluepill_f103c8\libFrameworkCMSISDevice.a
END GROUP
START GROUP
LOAD c:/users/usuario/.platformio/packages/toolchain-gccarmnoneeabi/bin/../lib/gcc/arm-none-eabi/7.2.1/thumb/v7-m\libgcc.a
LOAD c:/users/usuario/.platformio/packages/toolchain-gccarmnoneeabi/bin/../lib/gcc/arm-none-eabi/7.2.1/../../../../arm-none-eabi/lib/thumb/v7-m\libc_nano.a
END GROUP
START GROUP
LOAD c:/users/usuario/.platformio/packages/toolchain-gccarmnoneeabi/bin/../lib/gcc/arm-none-eabi/7.2.1/thumb/v7-m\libgcc.a
LOAD c:/users/usuario/.platformio/packages/toolchain-gccarmnoneeabi/bin/../lib/gcc/arm-none-eabi/7.2.1/../../../../arm-none-eabi/lib/thumb/v7-m\libc_nano.a
LOAD c:/users/usuario/.platformio/packages/toolchain-gccarmnoneeabi/bin/../lib/gcc/arm-none-eabi/7.2.1/../../../../arm-none-eabi/lib/thumb/v7-m\libnosys.a
END GROUP
START GROUP
LOAD c:/users/usuario/.platformio/packages/toolchain-gccarmnoneeabi/bin/../lib/gcc/arm-none-eabi/7.2.1/thumb/v7-m\libgcc.a
LOAD c:/users/usuario/.platformio/packages/toolchain-gccarmnoneeabi/bin/../lib/gcc/arm-none-eabi/7.2.1/../../../../arm-none-eabi/lib/thumb/v7-m\libc_nano.a
LOAD c:/users/usuario/.platformio/packages/toolchain-gccarmnoneeabi/bin/../lib/gcc/arm-none-eabi/7.2.1/../../../../arm-none-eabi/lib/thumb/v7-m\libnosys.a
END GROUP
LOAD c:/users/usuario/.platformio/packages/toolchain-gccarmnoneeabi/bin/../lib/gcc/arm-none-eabi/7.2.1/thumb/v7-m/crtend.o
LOAD c:/users/usuario/.platformio/packages/toolchain-gccarmnoneeabi/bin/../lib/gcc/arm-none-eabi/7.2.1/thumb/v7-m/crtn.o
                0x20005000                _estack = (ORIGIN (RAM) + LENGTH (RAM))
                0x00000200                _Min_Heap_Size = 0x200
                0x00000400                _Min_Stack_Size = 0x400

.isr_vector     0x08000000      0x10c
                0x08000000                . = ALIGN (0x4)
 *(.isr_vector)
 .isr_vector    0x08000000      0x10c .pio\build\bluepill_f103c8\libFrameworkCMSISDevice.a(startup_stm32f103xb.o)
                0x08000000                g_pfnVectors
                0x0800010c                . = ALIGN (0x4)

.text           0x0800010c     0x32d0
                0x0800010c                . = ALIGN (0x4)
 *(.text)
 .text          0x0800010c       0x40 c:/users/usuario/.platformio/packages/toolchain-gccarmnoneeabi/bin/../lib/gcc/arm-none-eabi/7.2.1/thumb/v7-m/crtbegin.o
 *(.text*)
 .text.HAL_InitTick
                0x0800014c       0x48 .pio\build\bluepill_f103c8\FrameworkHALDriver\Src\stm32f1xx_hal.o
                0x0800014c                HAL_InitTick
 .text.HAL_Init
                0x08000194       0x24 .pio\build\bluepill_f103c8\FrameworkHALDriver\Src\stm32f1xx_hal.o
                0x08000194                HAL_Init
 .text.HAL_IncTick
                0x080001b8       0x18 .pio\build\bluepill_f103c8\FrameworkHALDriver\Src\stm32f1xx_hal.o
                0x080001b8                HAL_IncTick
 .text.HAL_GetTick
                0x080001d0        0xc .pio\build\bluepill_f103c8\FrameworkHALDriver\Src\stm32f1xx_hal.o
                0x080001d0                HAL_GetTick
 .text.HAL_Delay
                0x080001dc       0x24 .pio\build\bluepill_f103c8\FrameworkHALDriver\Src\stm32f1xx_hal.o
                0x080001dc                HAL_Delay
 .text.HAL_NVIC_SetPriorityGrouping
                0x08000200       0x24 .pio\build\bluepill_f103c8\FrameworkHALDriver\Src\stm32f1xx_hal_cortex.o
                0x08000200                HAL_NVIC_SetPriorityGrouping
 .text.HAL_NVIC_SetPriority
                0x08000224       0x68 .pio\build\bluepill_f103c8\FrameworkHALDriver\Src\stm32f1xx_hal_cortex.o
                0x08000224                HAL_NVIC_SetPriority
 .text.HAL_NVIC_EnableIRQ
                0x0800028c       0x1c .pio\build\bluepill_f103c8\FrameworkHALDriver\Src\stm32f1xx_hal_cortex.o
                0x0800028c                HAL_NVIC_EnableIRQ
 .text.HAL_SYSTICK_Config
                0x080002a8       0x2c .pio\build\bluepill_f103c8\FrameworkHALDriver\Src\stm32f1xx_hal_cortex.o
                0x080002a8                HAL_SYSTICK_Config
 .text.HAL_GPIO_Init
                0x080002d4      0x1c0 .pio\build\bluepill_f103c8\FrameworkHALDriver\Src\stm32f1xx_hal_gpio.o
                0x080002d4                HAL_GPIO_Init
 .text.HAL_GPIO_WritePin
                0x08000494        0xa .pio\build\bluepill_f103c8\FrameworkHALDriver\Src\stm32f1xx_hal_gpio.o
                0x08000494                HAL_GPIO_WritePin
 .text.HAL_PCD_Init
                0x0800049e       0xcc .pio\build\bluepill_f103c8\FrameworkHALDriver\Src\stm32f1xx_hal_pcd.o
                0x0800049e                HAL_PCD_Init
 .text.HAL_PCD_Start
                0x0800056a       0x32 .pio\build\bluepill_f103c8\FrameworkHALDriver\Src\stm32f1xx_hal_pcd.o
                0x0800056a                HAL_PCD_Start
 .text.HAL_PCD_SetAddress
                0x0800059c       0x26 .pio\build\bluepill_f103c8\FrameworkHALDriver\Src\stm32f1xx_hal_pcd.o
                0x0800059c                HAL_PCD_SetAddress
 *fill*         0x080005c2        0x2 
 .text.HAL_PCD_IRQHandler
                0x080005c4      0x974 .pio\build\bluepill_f103c8\FrameworkHALDriver\Src\stm32f1xx_hal_pcd.o
                0x080005c4                HAL_PCD_IRQHandler
 .text.HAL_PCD_EP_Open
                0x08000f38       0x60 .pio\build\bluepill_f103c8\FrameworkHALDriver\Src\stm32f1xx_hal_pcd.o
                0x08000f38                HAL_PCD_EP_Open
 .text.HAL_PCD_EP_Close
                0x08000f98       0x50 .pio\build\bluepill_f103c8\FrameworkHALDriver\Src\stm32f1xx_hal_pcd.o
                0x08000f98                HAL_PCD_EP_Close
 .text.HAL_PCD_EP_Receive
                0x08000fe8       0x32 .pio\build\bluepill_f103c8\FrameworkHALDriver\Src\stm32f1xx_hal_pcd.o
                0x08000fe8                HAL_PCD_EP_Receive
 .text.HAL_PCD_EP_GetRxCount
                0x0800101a       0x10 .pio\build\bluepill_f103c8\FrameworkHALDriver\Src\stm32f1xx_hal_pcd.o
                0x0800101a                HAL_PCD_EP_GetRxCount
 .text.HAL_PCD_EP_Transmit
                0x0800102a       0x30 .pio\build\bluepill_f103c8\FrameworkHALDriver\Src\stm32f1xx_hal_pcd.o
                0x0800102a                HAL_PCD_EP_Transmit
 .text.HAL_PCD_EP_SetStall
                0x0800105a       0x6c .pio\build\bluepill_f103c8\FrameworkHALDriver\Src\stm32f1xx_hal_pcd.o
                0x0800105a                HAL_PCD_EP_SetStall
 .text.HAL_PCD_EP_ClrStall
                0x080010c6       0x64 .pio\build\bluepill_f103c8\FrameworkHALDriver\Src\stm32f1xx_hal_pcd.o
                0x080010c6                HAL_PCD_EP_ClrStall
 .text.HAL_PCDEx_PMAConfig
                0x0800112a       0x36 .pio\build\bluepill_f103c8\FrameworkHALDriver\Src\stm32f1xx_hal_pcd_ex.o
                0x0800112a                HAL_PCDEx_PMAConfig
 .text.HAL_RCC_OscConfig
                0x08001160      0x33c .pio\build\bluepill_f103c8\FrameworkHALDriver\Src\stm32f1xx_hal_rcc.o
                0x08001160                HAL_RCC_OscConfig
 .text.HAL_RCC_GetSysClockFreq
                0x0800149c       0x4c .pio\build\bluepill_f103c8\FrameworkHALDriver\Src\stm32f1xx_hal_rcc.o
                0x0800149c                HAL_RCC_GetSysClockFreq
 .text.HAL_RCC_ClockConfig
                0x080014e8      0x138 .pio\build\bluepill_f103c8\FrameworkHALDriver\Src\stm32f1xx_hal_rcc.o
                0x080014e8                HAL_RCC_ClockConfig
 .text.HAL_RCCEx_PeriphCLKConfig
                0x08001620       0xf0 .pio\build\bluepill_f103c8\FrameworkHALDriver\Src\stm32f1xx_hal_rcc_ex.o
                0x08001620                HAL_RCCEx_PeriphCLKConfig
 .text.USB_CoreInit
                0x08001710        0xe .pio\build\bluepill_f103c8\FrameworkHALDriver\Src\stm32f1xx_ll_usb.o
                0x08001710                USB_CoreInit
 .text.USB_EnableGlobalInt
                0x0800171e       0x12 .pio\build\bluepill_f103c8\FrameworkHALDriver\Src\stm32f1xx_ll_usb.o
                0x0800171e                USB_EnableGlobalInt
 .text.USB_DisableGlobalInt
                0x08001730       0x14 .pio\build\bluepill_f103c8\FrameworkHALDriver\Src\stm32f1xx_ll_usb.o
                0x08001730                USB_DisableGlobalInt
 .text.USB_SetCurrentMode
                0x08001744        0x4 .pio\build\bluepill_f103c8\FrameworkHALDriver\Src\stm32f1xx_ll_usb.o
                0x08001744                USB_SetCurrentMode
 .text.USB_DevInit
                0x08001748       0x24 .pio\build\bluepill_f103c8\FrameworkHALDriver\Src\stm32f1xx_ll_usb.o
                0x08001748                USB_DevInit
 .text.USB_ActivateEndpoint
                0x0800176c      0x2c0 .pio\build\bluepill_f103c8\FrameworkHALDriver\Src\stm32f1xx_ll_usb.o
                0x0800176c                USB_ActivateEndpoint
 .text.USB_DeactivateEndpoint
                0x08001a2c      0x18c .pio\build\bluepill_f103c8\FrameworkHALDriver\Src\stm32f1xx_ll_usb.o
                0x08001a2c                USB_DeactivateEndpoint
 .text.USB_EPSetStall
                0x08001bb8       0x38 .pio\build\bluepill_f103c8\FrameworkHALDriver\Src\stm32f1xx_ll_usb.o
                0x08001bb8                USB_EPSetStall
 .text.USB_EPClearStall
                0x08001bf0       0x86 .pio\build\bluepill_f103c8\FrameworkHALDriver\Src\stm32f1xx_ll_usb.o
                0x08001bf0                USB_EPClearStall
 .text.USB_SetDevAddress
                0x08001c76        0xc .pio\build\bluepill_f103c8\FrameworkHALDriver\Src\stm32f1xx_ll_usb.o
                0x08001c76                USB_SetDevAddress
 .text.USB_DevConnect
                0x08001c82        0x4 .pio\build\bluepill_f103c8\FrameworkHALDriver\Src\stm32f1xx_ll_usb.o
                0x08001c82                USB_DevConnect
 .text.USB_DevDisconnect
                0x08001c86        0x4 .pio\build\bluepill_f103c8\FrameworkHALDriver\Src\stm32f1xx_ll_usb.o
                0x08001c86                USB_DevDisconnect
 .text.USB_ReadInterrupts
                0x08001c8a        0x6 .pio\build\bluepill_f103c8\FrameworkHALDriver\Src\stm32f1xx_ll_usb.o
                0x08001c8a                USB_ReadInterrupts
 .text.USB_EP0_OutStart
                0x08001c90        0x4 .pio\build\bluepill_f103c8\FrameworkHALDriver\Src\stm32f1xx_ll_usb.o
                0x08001c90                USB_EP0_OutStart
 .text.USB_WritePMA
                0x08001c94       0x2e .pio\build\bluepill_f103c8\FrameworkHALDriver\Src\stm32f1xx_ll_usb.o
                0x08001c94                USB_WritePMA
 .text.USB_EPStartXfer
                0x08001cc2      0x4e2 .pio\build\bluepill_f103c8\FrameworkHALDriver\Src\stm32f1xx_ll_usb.o
                0x08001cc2                USB_EPStartXfer
 .text.USB_ReadPMA
                0x080021a4       0x38 .pio\build\bluepill_f103c8\FrameworkHALDriver\Src\stm32f1xx_ll_usb.o
                0x080021a4                USB_ReadPMA
 .text.SystemClock_Config
                0x080021dc       0x7c .pio\build\bluepill_f103c8\src\main.o
                0x080021dc                SystemClock_Config
 .text.startup.main
                0x08002258       0xcc .pio\build\bluepill_f103c8\src\main.o
                0x08002258                main
 .text.Error_Handler
                0x08002324        0x4 .pio\build\bluepill_f103c8\src\main.o
                0x08002324                Error_Handler
 .text.HAL_MspInit
                0x08002328       0x44 .pio\build\bluepill_f103c8\src\stm32f1xx_hal_msp.o
                0x08002328                HAL_MspInit
 .text.NMI_Handler
                0x0800236c        0x2 .pio\build\bluepill_f103c8\src\stm32f1xx_it.o
                0x0800236c                NMI_Handler
 .text.HardFault_Handler
                0x0800236e        0x2 .pio\build\bluepill_f103c8\src\stm32f1xx_it.o
                0x0800236e                HardFault_Handler
 .text.MemManage_Handler
                0x08002370        0x2 .pio\build\bluepill_f103c8\src\stm32f1xx_it.o
                0x08002370                MemManage_Handler
 .text.BusFault_Handler
                0x08002372        0x2 .pio\build\bluepill_f103c8\src\stm32f1xx_it.o
                0x08002372                BusFault_Handler
 .text.UsageFault_Handler
                0x08002374        0x2 .pio\build\bluepill_f103c8\src\stm32f1xx_it.o
                0x08002374                UsageFault_Handler
 .text.SVC_Handler
                0x08002376        0x2 .pio\build\bluepill_f103c8\src\stm32f1xx_it.o
                0x08002376                SVC_Handler
 .text.DebugMon_Handler
                0x08002378        0x2 .pio\build\bluepill_f103c8\src\stm32f1xx_it.o
                0x08002378                DebugMon_Handler
 .text.PendSV_Handler
                0x0800237a        0x2 .pio\build\bluepill_f103c8\src\stm32f1xx_it.o
                0x0800237a                PendSV_Handler
 .text.SysTick_Handler
                0x0800237c        0x4 .pio\build\bluepill_f103c8\src\stm32f1xx_it.o
                0x0800237c                SysTick_Handler
 .text.USB_LP_CAN1_RX0_IRQHandler
                0x08002380        0xc .pio\build\bluepill_f103c8\src\stm32f1xx_it.o
                0x08002380                USB_LP_CAN1_RX0_IRQHandler
 .text.SystemInit
                0x0800238c        0x2 .pio\build\bluepill_f103c8\src\system_stm32f1xx.o
                0x0800238c                SystemInit
 *fill*         0x0800238e        0x2 
 .text.MX_USB_DEVICE_Init
                0x08002390       0x7c .pio\build\bluepill_f103c8\src\usb_device.o
                0x08002390                MX_USB_DEVICE_Init
 .text.USBD_CDC_EP0_RxReady
                0x0800240c       0x28 .pio\build\bluepill_f103c8\src\usbd_cdc.o
 .text.USBD_CDC_GetFSCfgDesc
                0x08002434        0xc .pio\build\bluepill_f103c8\src\usbd_cdc.o
 .text.USBD_CDC_GetHSCfgDesc
                0x08002440        0xc .pio\build\bluepill_f103c8\src\usbd_cdc.o
 .text.USBD_CDC_GetOtherSpeedCfgDesc
                0x0800244c        0xc .pio\build\bluepill_f103c8\src\usbd_cdc.o
 .text.USBD_CDC_GetDeviceQualifierDescriptor
                0x08002458        0xc .pio\build\bluepill_f103c8\src\usbd_cdc.o
                0x08002458                USBD_CDC_GetDeviceQualifierDescriptor
 .text.USBD_CDC_DataOut
                0x08002464       0x2e .pio\build\bluepill_f103c8\src\usbd_cdc.o
 .text.USBD_CDC_DataIn
                0x08002492       0x42 .pio\build\bluepill_f103c8\src\usbd_cdc.o
 .text.USBD_CDC_Setup
                0x080024d4       0xbc .pio\build\bluepill_f103c8\src\usbd_cdc.o
 .text.USBD_CDC_DeInit
                0x08002590       0x42 .pio\build\bluepill_f103c8\src\usbd_cdc.o
 .text.USBD_CDC_Init
                0x080025d2       0xa6 .pio\build\bluepill_f103c8\src\usbd_cdc.o
 .text.USBD_CDC_RegisterInterface
                0x08002678        0xe .pio\build\bluepill_f103c8\src\usbd_cdc.o
                0x08002678                USBD_CDC_RegisterInterface
 .text.USBD_CDC_SetTxBuffer
                0x08002686       0x10 .pio\build\bluepill_f103c8\src\usbd_cdc.o
                0x08002686                USBD_CDC_SetTxBuffer
 .text.USBD_CDC_SetRxBuffer
                0x08002696        0xc .pio\build\bluepill_f103c8\src\usbd_cdc.o
                0x08002696                USBD_CDC_SetRxBuffer
 .text.USBD_CDC_TransmitPacket
                0x080026a2       0x32 .pio\build\bluepill_f103c8\src\usbd_cdc.o
                0x080026a2                USBD_CDC_TransmitPacket
 .text.USBD_CDC_ReceivePacket
                0x080026d4       0x26 .pio\build\bluepill_f103c8\src\usbd_cdc.o
                0x080026d4                USBD_CDC_ReceivePacket
 .text.CDC_DeInit_FS
                0x080026fa        0x4 .pio\build\bluepill_f103c8\src\usbd_cdc_if.o
 *fill*         0x080026fe        0x2 
 .text.CDC_Receive_FS
                0x08002700       0x54 .pio\build\bluepill_f103c8\src\usbd_cdc_if.o
 .text.CDC_Init_FS
                0x08002754       0x40 .pio\build\bluepill_f103c8\src\usbd_cdc_if.o
 .text.CDC_Transmit_FS
                0x08002794       0x2c .pio\build\bluepill_f103c8\src\usbd_cdc_if.o
                0x08002794                CDC_Transmit_FS
 .text.CDC_GetRxBufferBytesAvailable_FS
                0x080027c0       0x18 .pio\build\bluepill_f103c8\src\usbd_cdc_if.o
                0x080027c0                CDC_GetRxBufferBytesAvailable_FS
 .text.CDC_ReadRxBuffer_FS
                0x080027d8       0x40 .pio\build\bluepill_f103c8\src\usbd_cdc_if.o
                0x080027d8                CDC_ReadRxBuffer_FS
 .text.CDC_FlushRxBuffer_FS
                0x08002818       0x28 .pio\build\bluepill_f103c8\src\usbd_cdc_if.o
                0x08002818                CDC_FlushRxBuffer_FS
 .text.CDC_Control_FS
                0x08002840       0x58 .pio\build\bluepill_f103c8\src\usbd_cdc_if.o
 .text.HAL_PCD_MspInit
                0x08002898       0x40 .pio\build\bluepill_f103c8\src\usbd_conf.o
                0x08002898                HAL_PCD_MspInit
 .text.HAL_PCD_SetupStageCallback
                0x080028d8        0xc .pio\build\bluepill_f103c8\src\usbd_conf.o
                0x080028d8                HAL_PCD_SetupStageCallback
 .text.HAL_PCD_DataOutStageCallback
                0x080028e4       0x12 .pio\build\bluepill_f103c8\src\usbd_conf.o
                0x080028e4                HAL_PCD_DataOutStageCallback
 .text.HAL_PCD_DataInStageCallback
                0x080028f6       0x10 .pio\build\bluepill_f103c8\src\usbd_conf.o
                0x080028f6                HAL_PCD_DataInStageCallback
 .text.HAL_PCD_SOFCallback
                0x08002906        0x8 .pio\build\bluepill_f103c8\src\usbd_conf.o
                0x08002906                HAL_PCD_SOFCallback
 .text.HAL_PCD_ResetCallback
                0x0800290e       0x24 .pio\build\bluepill_f103c8\src\usbd_conf.o
                0x0800290e                HAL_PCD_ResetCallback
 *fill*         0x08002932        0x2 
 .text.HAL_PCD_SuspendCallback
                0x08002934       0x20 .pio\build\bluepill_f103c8\src\usbd_conf.o
                0x08002934                HAL_PCD_SuspendCallback
 .text.HAL_PCD_ResumeCallback
                0x08002954        0x8 .pio\build\bluepill_f103c8\src\usbd_conf.o
                0x08002954                HAL_PCD_ResumeCallback
 .text.USBD_LL_Init
                0x0800295c       0x80 .pio\build\bluepill_f103c8\src\usbd_conf.o
                0x0800295c                USBD_LL_Init
 .text.USBD_LL_Start
                0x080029dc       0x1c .pio\build\bluepill_f103c8\src\usbd_conf.o
                0x080029dc                USBD_LL_Start
 .text.USBD_LL_OpenEP
                0x080029f8       0x20 .pio\build\bluepill_f103c8\src\usbd_conf.o
                0x080029f8                USBD_LL_OpenEP
 .text.USBD_LL_CloseEP
                0x08002a18       0x1c .pio\build\bluepill_f103c8\src\usbd_conf.o
                0x08002a18                USBD_LL_CloseEP
 .text.USBD_LL_StallEP
                0x08002a34       0x1c .pio\build\bluepill_f103c8\src\usbd_conf.o
                0x08002a34                USBD_LL_StallEP
 .text.USBD_LL_ClearStallEP
                0x08002a50       0x1c .pio\build\bluepill_f103c8\src\usbd_conf.o
                0x08002a50                USBD_LL_ClearStallEP
 .text.USBD_LL_IsStallEP
                0x08002a6c       0x22 .pio\build\bluepill_f103c8\src\usbd_conf.o
                0x08002a6c                USBD_LL_IsStallEP
 *fill*         0x08002a8e        0x2 
 .text.USBD_LL_SetUSBAddress
                0x08002a90       0x1c .pio\build\bluepill_f103c8\src\usbd_conf.o
                0x08002a90                USBD_LL_SetUSBAddress
 .text.USBD_LL_Transmit
                0x08002aac       0x1c .pio\build\bluepill_f103c8\src\usbd_conf.o
                0x08002aac                USBD_LL_Transmit
 .text.USBD_LL_PrepareReceive
                0x08002ac8       0x1c .pio\build\bluepill_f103c8\src\usbd_conf.o
                0x08002ac8                USBD_LL_PrepareReceive
 .text.USBD_LL_GetRxDataSize
                0x08002ae4        0x8 .pio\build\bluepill_f103c8\src\usbd_conf.o
                0x08002ae4                USBD_LL_GetRxDataSize
 .text.USBD_static_malloc
                0x08002aec        0x8 .pio\build\bluepill_f103c8\src\usbd_conf.o
                0x08002aec                USBD_static_malloc
 .text.USBD_static_free
                0x08002af4        0x2 .pio\build\bluepill_f103c8\src\usbd_conf.o
                0x08002af4                USBD_static_free
 .text.HAL_PCDEx_SetConnectionState
                0x08002af6        0x2 .pio\build\bluepill_f103c8\src\usbd_conf.o
                0x08002af6                HAL_PCDEx_SetConnectionState
 .text.USBD_Init
                0x08002af8       0x2a .pio\build\bluepill_f103c8\src\usbd_core.o
                0x08002af8                USBD_Init
 .text.USBD_RegisterClass
                0x08002b22        0xe .pio\build\bluepill_f103c8\src\usbd_core.o
                0x08002b22                USBD_RegisterClass
 .text.USBD_Start
                0x08002b30        0xa .pio\build\bluepill_f103c8\src\usbd_core.o
                0x08002b30                USBD_Start
 .text.USBD_SetClassConfig
                0x08002b3a       0x16 .pio\build\bluepill_f103c8\src\usbd_core.o
                0x08002b3a                USBD_SetClassConfig
 .text.USBD_ClrClassConfig
                0x08002b50        0xe .pio\build\bluepill_f103c8\src\usbd_core.o
                0x08002b50                USBD_ClrClassConfig
 .text.USBD_LL_SetupStage
                0x08002b5e       0x5a .pio\build\bluepill_f103c8\src\usbd_core.o
                0x08002b5e                USBD_LL_SetupStage
 .text.USBD_LL_DataOutStage
                0x08002bb8       0x74 .pio\build\bluepill_f103c8\src\usbd_core.o
                0x08002bb8                USBD_LL_DataOutStage
 .text.USBD_LL_DataInStage
                0x08002c2c       0xb6 .pio\build\bluepill_f103c8\src\usbd_core.o
                0x08002c2c                USBD_LL_DataInStage
 .text.USBD_LL_Reset
                0x08002ce2       0x4e .pio\build\bluepill_f103c8\src\usbd_core.o
                0x08002ce2                USBD_LL_Reset
 .text.USBD_LL_SetSpeed
                0x08002d30        0x6 .pio\build\bluepill_f103c8\src\usbd_core.o
                0x08002d30                USBD_LL_SetSpeed
 .text.USBD_LL_Suspend
                0x08002d36       0x12 .pio\build\bluepill_f103c8\src\usbd_core.o
                0x08002d36                USBD_LL_Suspend
 .text.USBD_LL_Resume
                0x08002d48       0x14 .pio\build\bluepill_f103c8\src\usbd_core.o
                0x08002d48                USBD_LL_Resume
 .text.USBD_LL_SOF
                0x08002d5c       0x18 .pio\build\bluepill_f103c8\src\usbd_core.o
                0x08002d5c                USBD_LL_SOF
 .text.USBD_CtlError.constprop.1
                0x08002d74       0x16 .pio\build\bluepill_f103c8\src\usbd_ctlreq.o
 *fill*         0x08002d8a        0x2 
 .text.USBD_StdDevReq
                0x08002d8c      0x248 .pio\build\bluepill_f103c8\src\usbd_ctlreq.o
                0x08002d8c                USBD_StdDevReq
 .text.USBD_StdItfReq
                0x08002fd4       0x4a .pio\build\bluepill_f103c8\src\usbd_ctlreq.o
                0x08002fd4                USBD_StdItfReq
 .text.USBD_StdEPReq
                0x0800301e      0x112 .pio\build\bluepill_f103c8\src\usbd_ctlreq.o
                0x0800301e                USBD_StdEPReq
 .text.USBD_ParseSetupRequest
                0x08003130       0x28 .pio\build\bluepill_f103c8\src\usbd_ctlreq.o
                0x08003130                USBD_ParseSetupRequest
 .text.USBD_CtlError
                0x08003158       0x16 .pio\build\bluepill_f103c8\src\usbd_ctlreq.o
                0x08003158                USBD_CtlError
 .text.USBD_GetString
                0x0800316e       0x38 .pio\build\bluepill_f103c8\src\usbd_ctlreq.o
                0x0800316e                USBD_GetString
 *fill*         0x080031a6        0x2 
 .text.USBD_FS_DeviceDescriptor
                0x080031a8        0xc .pio\build\bluepill_f103c8\src\usbd_desc.o
                0x080031a8                USBD_FS_DeviceDescriptor
 .text.USBD_FS_LangIDStrDescriptor
                0x080031b4        0xc .pio\build\bluepill_f103c8\src\usbd_desc.o
                0x080031b4                USBD_FS_LangIDStrDescriptor
 .text.IntToUnicode
                0x080031c0       0x2a .pio\build\bluepill_f103c8\src\usbd_desc.o
 *fill*         0x080031ea        0x2 
 .text.USBD_FS_SerialStrDescriptor
                0x080031ec       0x40 .pio\build\bluepill_f103c8\src\usbd_desc.o
                0x080031ec                USBD_FS_SerialStrDescriptor
 .text.USBD_FS_ManufacturerStrDescriptor
                0x0800322c       0x1c .pio\build\bluepill_f103c8\src\usbd_desc.o
                0x0800322c                USBD_FS_ManufacturerStrDescriptor
 .text.USBD_FS_ProductStrDescriptor
                0x08003248       0x1c .pio\build\bluepill_f103c8\src\usbd_desc.o
                0x08003248                USBD_FS_ProductStrDescriptor
 .text.USBD_FS_ConfigStrDescriptor
                0x08003264       0x1c .pio\build\bluepill_f103c8\src\usbd_desc.o
                0x08003264                USBD_FS_ConfigStrDescriptor
 .text.USBD_FS_InterfaceStrDescriptor
                0x08003280       0x1c .pio\build\bluepill_f103c8\src\usbd_desc.o
                0x08003280                USBD_FS_InterfaceStrDescriptor
 .text.USBD_CtlSendData
                0x0800329c       0x1a .pio\build\bluepill_f103c8\src\usbd_ioreq.o
                0x0800329c                USBD_CtlSendData
 .text.USBD_CtlContinueSendData
                0x080032b6       0x10 .pio\build\bluepill_f103c8\src\usbd_ioreq.o
                0x080032b6                USBD_CtlContinueSendData
 .text.USBD_CtlPrepareRx
                0x080032c6       0x1e .pio\build\bluepill_f103c8\src\usbd_ioreq.o
                0x080032c6                USBD_CtlPrepareRx
 .text.USBD_CtlContinueRx
                0x080032e4       0x10 .pio\build\bluepill_f103c8\src\usbd_ioreq.o
                0x080032e4                USBD_CtlContinueRx
 .text.USBD_CtlSendStatus
                0x080032f4       0x16 .pio\build\bluepill_f103c8\src\usbd_ioreq.o
                0x080032f4                USBD_CtlSendStatus
 .text.USBD_CtlReceiveStatus
                0x0800330a       0x16 .pio\build\bluepill_f103c8\src\usbd_ioreq.o
                0x0800330a                USBD_CtlReceiveStatus
 .text.__libc_init_array
                0x08003320       0x48 c:/users/usuario/.platformio/packages/toolchain-gccarmnoneeabi/bin/../lib/gcc/arm-none-eabi/7.2.1/../../../../arm-none-eabi/lib/thumb/v7-m\libc_nano.a(lib_a-init.o)
                0x08003320                __libc_init_array
 .text.memset   0x08003368       0x10 c:/users/usuario/.platformio/packages/toolchain-gccarmnoneeabi/bin/../lib/gcc/arm-none-eabi/7.2.1/../../../../arm-none-eabi/lib/thumb/v7-m\libc_nano.a(lib_a-memset.o)
                0x08003368                memset
 .text.Reset_Handler
                0x08003378       0x48 .pio\build\bluepill_f103c8\libFrameworkCMSISDevice.a(startup_stm32f103xb.o)
                0x08003378                Reset_Handler
 .text.Default_Handler
                0x080033c0        0x2 .pio\build\bluepill_f103c8\libFrameworkCMSISDevice.a(startup_stm32f103xb.o)
                0x080033c0                RTC_Alarm_IRQHandler
                0x080033c0                EXTI2_IRQHandler
                0x080033c0                TIM1_CC_IRQHandler
                0x080033c0                PVD_IRQHandler
                0x080033c0                EXTI3_IRQHandler
                0x080033c0                EXTI0_IRQHandler
                0x080033c0                I2C2_EV_IRQHandler
                0x080033c0                ADC1_2_IRQHandler
                0x080033c0                SPI1_IRQHandler
                0x080033c0                TAMPER_IRQHandler
                0x080033c0                DMA1_Channel4_IRQHandler
                0x080033c0                USART3_IRQHandler
                0x080033c0                RTC_IRQHandler
                0x080033c0                DMA1_Channel7_IRQHandler
                0x080033c0                CAN1_RX1_IRQHandler
                0x080033c0                TIM4_IRQHandler
                0x080033c0                I2C1_EV_IRQHandler
                0x080033c0                DMA1_Channel6_IRQHandler
                0x080033c0                TIM3_IRQHandler
                0x080033c0                RCC_IRQHandler
                0x080033c0                TIM1_TRG_COM_IRQHandler
                0x080033c0                DMA1_Channel1_IRQHandler
                0x080033c0                Default_Handler
                0x080033c0                EXTI15_10_IRQHandler
                0x080033c0                EXTI9_5_IRQHandler
                0x080033c0                SPI2_IRQHandler
                0x080033c0                DMA1_Channel5_IRQHandler
                0x080033c0                EXTI4_IRQHandler
                0x080033c0                USB_HP_CAN1_TX_IRQHandler
                0x080033c0                DMA1_Channel3_IRQHandler
                0x080033c0                TIM1_UP_IRQHandler
                0x080033c0                WWDG_IRQHandler
                0x080033c0                TIM2_IRQHandler
                0x080033c0                TIM1_BRK_IRQHandler
                0x080033c0                EXTI1_IRQHandler
                0x080033c0                USART2_IRQHandler
                0x080033c0                I2C2_ER_IRQHandler
                0x080033c0                DMA1_Channel2_IRQHandler
                0x080033c0                CAN1_SCE_IRQHandler
                0x080033c0                FLASH_IRQHandler
                0x080033c0                USART1_IRQHandler
                0x080033c0                I2C1_ER_IRQHandler
                0x080033c0                USBWakeUp_IRQHandler
 *(.glue_7)
 .glue_7        0x080033c2        0x0 linker stubs
 *(.glue_7t)
 .glue_7t       0x080033c2        0x0 linker stubs
 *(.eh_frame)
 *fill*         0x080033c2        0x2 
 .eh_frame      0x080033c4        0x0 c:/users/usuario/.platformio/packages/toolchain-gccarmnoneeabi/bin/../lib/gcc/arm-none-eabi/7.2.1/thumb/v7-m/crtbegin.o
 *(.init)
 .init          0x080033c4        0x4 c:/users/usuario/.platformio/packages/toolchain-gccarmnoneeabi/bin/../lib/gcc/arm-none-eabi/7.2.1/thumb/v7-m/crti.o
                0x080033c4                _init
 .init          0x080033c8        0x8 c:/users/usuario/.platformio/packages/toolchain-gccarmnoneeabi/bin/../lib/gcc/arm-none-eabi/7.2.1/thumb/v7-m/crtn.o
 *(.fini)
 .fini          0x080033d0        0x4 c:/users/usuario/.platformio/packages/toolchain-gccarmnoneeabi/bin/../lib/gcc/arm-none-eabi/7.2.1/thumb/v7-m/crti.o
                0x080033d0                _fini
 .fini          0x080033d4        0x8 c:/users/usuario/.platformio/packages/toolchain-gccarmnoneeabi/bin/../lib/gcc/arm-none-eabi/7.2.1/thumb/v7-m/crtn.o
                0x080033dc                . = ALIGN (0x4)
                0x080033dc                _etext = .

.vfp11_veneer   0x080033dc        0x0
 .vfp11_veneer  0x080033dc        0x0 linker stubs

.v4_bx          0x080033dc        0x0
 .v4_bx         0x080033dc        0x0 linker stubs

.iplt           0x080033dc        0x0
 .iplt          0x080033dc        0x0 c:/users/usuario/.platformio/packages/toolchain-gccarmnoneeabi/bin/../lib/gcc/arm-none-eabi/7.2.1/thumb/v7-m/crtbegin.o

.rodata         0x080033dc       0x60
                0x080033dc                . = ALIGN (0x4)
 *(.rodata)
 *(.rodata*)
 .rodata.aPLLMULFactorTable.7631
                0x080033dc       0x10 .pio\build\bluepill_f103c8\FrameworkHALDriver\Src\stm32f1xx_hal_rcc.o
 .rodata.aPredivFactorTable.7632
                0x080033ec        0x2 .pio\build\bluepill_f103c8\FrameworkHALDriver\Src\stm32f1xx_hal_rcc.o
 .rodata.AHBPrescTable
                0x080033ee       0x10 .pio\build\bluepill_f103c8\src\system_stm32f1xx.o
                0x080033ee                AHBPrescTable
 .rodata.CSWTCH.3
                0x080033fe        0x4 .pio\build\bluepill_f103c8\src\usbd_conf.o
 .rodata.USBD_FS_ConfigStrDescriptor.str1.1
                0x08003402        0xb .pio\build\bluepill_f103c8\src\usbd_desc.o
 .rodata.USBD_FS_InterfaceStrDescriptor.str1.1
                0x0800340d        0xe .pio\build\bluepill_f103c8\src\usbd_desc.o
 .rodata.USBD_FS_ManufacturerStrDescriptor.str1.1
                0x0800341b       0x13 .pio\build\bluepill_f103c8\src\usbd_desc.o
 .rodata.USBD_FS_ProductStrDescriptor.str1.1
                0x0800342e        0xd .pio\build\bluepill_f103c8\src\usbd_desc.o
                0x0800343c                . = ALIGN (0x4)
 *fill*         0x0800343b        0x1 

.rel.dyn        0x0800343c        0x0
 .rel.iplt      0x0800343c        0x0 c:/users/usuario/.platformio/packages/toolchain-gccarmnoneeabi/bin/../lib/gcc/arm-none-eabi/7.2.1/thumb/v7-m/crtbegin.o

.ARM.extab      0x0800343c        0x0
                0x0800343c                . = ALIGN (0x4)
 *(.ARM.extab* .gnu.linkonce.armextab.*)
                0x0800343c                . = ALIGN (0x4)

.ARM            0x0800343c        0x0
                0x0800343c                . = ALIGN (0x4)
                0x0800343c                __exidx_start = .
 *(.ARM.exidx*)
                0x0800343c                __exidx_end = .
                0x0800343c                . = ALIGN (0x4)

.preinit_array  0x0800343c        0x0
                0x0800343c                . = ALIGN (0x4)
                0x0800343c                PROVIDE (__preinit_array_start, .)
 *(.preinit_array*)
                0x0800343c                PROVIDE (__preinit_array_end, .)
                0x0800343c                . = ALIGN (0x4)

.init_array     0x0800343c        0x4
                0x0800343c                . = ALIGN (0x4)
                0x0800343c                PROVIDE (__init_array_start, .)
 *(SORT_BY_NAME(.init_array.*))
 *(.init_array*)
 .init_array    0x0800343c        0x4 c:/users/usuario/.platformio/packages/toolchain-gccarmnoneeabi/bin/../lib/gcc/arm-none-eabi/7.2.1/thumb/v7-m/crtbegin.o
                0x08003440                PROVIDE (__init_array_end, .)
                0x08003440                . = ALIGN (0x4)

.fini_array     0x08003440        0x4
                0x08003440                . = ALIGN (0x4)
                [!provide]                PROVIDE (__fini_array_start, .)
 *(SORT_BY_NAME(.fini_array.*))
 *(.fini_array*)
 .fini_array    0x08003440        0x4 c:/users/usuario/.platformio/packages/toolchain-gccarmnoneeabi/bin/../lib/gcc/arm-none-eabi/7.2.1/thumb/v7-m/crtbegin.o
                [!provide]                PROVIDE (__fini_array_end, .)
                0x08003444                . = ALIGN (0x4)
                0x08003444                _sidata = LOADADDR (.data)

.data           0x20000000      0x17c load address 0x08003444
                0x20000000                . = ALIGN (0x4)
                0x20000000                _sdata = .
 *(.data)
 *(.data*)
 .data.uwTickFreq
                0x20000000        0x1 .pio\build\bluepill_f103c8\FrameworkHALDriver\Src\stm32f1xx_hal.o
                0x20000000                uwTickFreq
 *fill*         0x20000001        0x3 
 .data.uwTickPrio
                0x20000004        0x4 .pio\build\bluepill_f103c8\FrameworkHALDriver\Src\stm32f1xx_hal.o
                0x20000004                uwTickPrio
 .data.SystemCoreClock
                0x20000008        0x4 .pio\build\bluepill_f103c8\src\system_stm32f1xx.o
                0x20000008                SystemCoreClock
 .data.USBD_CDC
                0x2000000c       0x38 .pio\build\bluepill_f103c8\src\usbd_cdc.o
                0x2000000c                USBD_CDC
 .data.USBD_CDC_CfgFSDesc
                0x20000044       0x43 .pio\build\bluepill_f103c8\src\usbd_cdc.o
                0x20000044                USBD_CDC_CfgFSDesc
 *fill*         0x20000087        0x1 
 .data.USBD_CDC_CfgHSDesc
                0x20000088       0x43 .pio\build\bluepill_f103c8\src\usbd_cdc.o
                0x20000088                USBD_CDC_CfgHSDesc
 *fill*         0x200000cb        0x1 
 .data.USBD_CDC_DeviceQualifierDesc
                0x200000cc        0xa .pio\build\bluepill_f103c8\src\usbd_cdc.o
 *fill*         0x200000d6        0x2 
 .data.USBD_CDC_OtherSpeedCfgDesc
                0x200000d8       0x43 .pio\build\bluepill_f103c8\src\usbd_cdc.o
                0x200000d8                USBD_CDC_OtherSpeedCfgDesc
 *fill*         0x2000011b        0x1 
 .data.USBD_Interface_fops_FS
                0x2000011c       0x10 .pio\build\bluepill_f103c8\src\usbd_cdc_if.o
                0x2000011c                USBD_Interface_fops_FS
 .data.FS_Desc  0x2000012c       0x1c .pio\build\bluepill_f103c8\src\usbd_desc.o
                0x2000012c                FS_Desc
 .data.USBD_FS_DeviceDesc
                0x20000148       0x12 .pio\build\bluepill_f103c8\src\usbd_desc.o
                0x20000148                USBD_FS_DeviceDesc
 *fill*         0x2000015a        0x2 
 .data.USBD_LangIDDesc
                0x2000015c        0x4 .pio\build\bluepill_f103c8\src\usbd_desc.o
                0x2000015c                USBD_LangIDDesc
 .data.USBD_StringSerial
                0x20000160       0x1a .pio\build\bluepill_f103c8\src\usbd_desc.o
                0x20000160                USBD_StringSerial
 *(.RamFunc)
 *(.RamFunc*)
                0x2000017c                . = ALIGN (0x4)
 *fill*         0x2000017a        0x2 
                0x2000017c                _edata = .

.igot.plt       0x2000017c        0x0 load address 0x080035c0
 .igot.plt      0x2000017c        0x0 c:/users/usuario/.platformio/packages/toolchain-gccarmnoneeabi/bin/../lib/gcc/arm-none-eabi/7.2.1/thumb/v7-m/crtbegin.o
                0x2000017c                . = ALIGN (0x4)

.bss            0x2000017c     0x12bc load address 0x080035c0
                0x2000017c                _sbss = .
                0x2000017c                __bss_start__ = _sbss
 *(.bss)
 .bss           0x2000017c       0x1c c:/users/usuario/.platformio/packages/toolchain-gccarmnoneeabi/bin/../lib/gcc/arm-none-eabi/7.2.1/thumb/v7-m/crtbegin.o
 *(.bss*)
 .bss.rxBufferHeadPos
                0x20000198        0x2 .pio\build\bluepill_f103c8\src\usbd_cdc_if.o
                0x20000198                rxBufferHeadPos
 .bss.rxBufferTailPos
                0x2000019a        0x2 .pio\build\bluepill_f103c8\src\usbd_cdc_if.o
                0x2000019a                rxBufferTailPos
 .bss.mem.9616  0x2000019c      0x220 .pio\build\bluepill_f103c8\src\usbd_conf.o
 .bss.cfgidx.9548
                0x200003bc        0x1 .pio\build\bluepill_f103c8\src\usbd_ctlreq.o
 *(COMMON)
 *fill*         0x200003bd        0x3 
 COMMON         0x200003c0        0x4 .pio\build\bluepill_f103c8\FrameworkHALDriver\Src\stm32f1xx_hal.o
                0x200003c0                uwTick
 COMMON         0x200003c4      0x2c4 .pio\build\bluepill_f103c8\src\usb_device.o
                0x200003c4                hUsbDeviceFS
 COMMON         0x20000688      0x8d7 .pio\build\bluepill_f103c8\src\usbd_cdc_if.o
                0x20000688                UserRxBufferFS
                0x20000a70                UserTxBufferFS
                0x20000e58                rxBuffer
                0x20000f58                lcBuffer
 *fill*         0x20000f5f        0x1 
 COMMON         0x20000f60      0x2d8 .pio\build\bluepill_f103c8\src\usbd_conf.o
                0x20000f60                hpcd_USB_FS
 COMMON         0x20001238      0x200 .pio\build\bluepill_f103c8\src\usbd_desc.o
                0x20001238                USBD_StrDesc
                0x20001438                . = ALIGN (0x4)
                0x20001438                _ebss = .
                0x20001438                __bss_end__ = _ebss

._user_heap_stack
                0x20001438      0x600 load address 0x080035c0
                0x20001438                . = ALIGN (0x8)
                [!provide]                PROVIDE (end, .)
                0x20001438                PROVIDE (_end, .)
                0x20001638                . = (. + _Min_Heap_Size)
 *fill*         0x20001438      0x200 
                0x20001a38                . = (. + _Min_Stack_Size)
 *fill*         0x20001638      0x400 
                0x20001a38                . = ALIGN (0x8)

/DISCARD/
 libc.a(*)
 libm.a(*)
 libgcc.a(*)

.ARM.attributes
                0x00000000       0x29
 *(.ARM.attributes)
 .ARM.attributes
                0x00000000       0x1d c:/users/usuario/.platformio/packages/toolchain-gccarmnoneeabi/bin/../lib/gcc/arm-none-eabi/7.2.1/thumb/v7-m/crti.o
 .ARM.attributes
                0x0000001d       0x2d c:/users/usuario/.platformio/packages/toolchain-gccarmnoneeabi/bin/../lib/gcc/arm-none-eabi/7.2.1/thumb/v7-m/crtbegin.o
 .ARM.attributes
                0x0000004a       0x33 .pio\build\bluepill_f103c8\FrameworkHALDriver\Src\stm32f1xx_hal.o
 .ARM.attributes
                0x0000007d       0x33 .pio\build\bluepill_f103c8\FrameworkHALDriver\Src\stm32f1xx_hal_cortex.o
 .ARM.attributes
                0x000000b0       0x33 .pio\build\bluepill_f103c8\FrameworkHALDriver\Src\stm32f1xx_hal_gpio.o
 .ARM.attributes
                0x000000e3       0x33 .pio\build\bluepill_f103c8\FrameworkHALDriver\Src\stm32f1xx_hal_pcd.o
 .ARM.attributes
                0x00000116       0x33 .pio\build\bluepill_f103c8\FrameworkHALDriver\Src\stm32f1xx_hal_pcd_ex.o
 .ARM.attributes
                0x00000149       0x33 .pio\build\bluepill_f103c8\FrameworkHALDriver\Src\stm32f1xx_hal_rcc.o
 .ARM.attributes
                0x0000017c       0x33 .pio\build\bluepill_f103c8\FrameworkHALDriver\Src\stm32f1xx_hal_rcc_ex.o
 .ARM.attributes
                0x000001af       0x33 .pio\build\bluepill_f103c8\FrameworkHALDriver\Src\stm32f1xx_ll_usb.o
 .ARM.attributes
                0x000001e2       0x33 .pio\build\bluepill_f103c8\src\main.o
 .ARM.attributes
                0x00000215       0x33 .pio\build\bluepill_f103c8\src\stm32f1xx_hal_msp.o
 .ARM.attributes
                0x00000248       0x33 .pio\build\bluepill_f103c8\src\stm32f1xx_it.o
 .ARM.attributes
                0x0000027b       0x33 .pio\build\bluepill_f103c8\src\system_stm32f1xx.o
 .ARM.attributes
                0x000002ae       0x33 .pio\build\bluepill_f103c8\src\usb_device.o
 .ARM.attributes
                0x000002e1       0x33 .pio\build\bluepill_f103c8\src\usbd_cdc.o
 .ARM.attributes
                0x00000314       0x33 .pio\build\bluepill_f103c8\src\usbd_cdc_if.o
 .ARM.attributes
                0x00000347       0x33 .pio\build\bluepill_f103c8\src\usbd_conf.o
 .ARM.attributes
                0x0000037a       0x33 .pio\build\bluepill_f103c8\src\usbd_core.o
 .ARM.attributes
                0x000003ad       0x33 .pio\build\bluepill_f103c8\src\usbd_ctlreq.o
 .ARM.attributes
                0x000003e0       0x33 .pio\build\bluepill_f103c8\src\usbd_desc.o
 .ARM.attributes
                0x00000413       0x33 .pio\build\bluepill_f103c8\src\usbd_ioreq.o
 .ARM.attributes
                0x00000446       0x2d c:/users/usuario/.platformio/packages/toolchain-gccarmnoneeabi/bin/../lib/gcc/arm-none-eabi/7.2.1/../../../../arm-none-eabi/lib/thumb/v7-m\libc_nano.a(lib_a-init.o)
 .ARM.attributes
                0x00000473       0x2d c:/users/usuario/.platformio/packages/toolchain-gccarmnoneeabi/bin/../lib/gcc/arm-none-eabi/7.2.1/../../../../arm-none-eabi/lib/thumb/v7-m\libc_nano.a(lib_a-memset.o)
 .ARM.attributes
                0x000004a0       0x21 .pio\build\bluepill_f103c8\libFrameworkCMSISDevice.a(startup_stm32f103xb.o)
 .ARM.attributes
                0x000004c1       0x1d c:/users/usuario/.platformio/packages/toolchain-gccarmnoneeabi/bin/../lib/gcc/arm-none-eabi/7.2.1/thumb/v7-m/crtn.o
OUTPUT(.pio\build\bluepill_f103c8\firmware.elf elf32-littlearm)

.comment        0x00000000       0x7e
 .comment       0x00000000       0x7e .pio\build\bluepill_f103c8\FrameworkHALDriver\Src\stm32f1xx_hal.o
                                 0x7f (size before relaxing)
 .comment       0x0000007e       0x7f .pio\build\bluepill_f103c8\FrameworkHALDriver\Src\stm32f1xx_hal_cortex.o
 .comment       0x0000007e       0x7f .pio\build\bluepill_f103c8\FrameworkHALDriver\Src\stm32f1xx_hal_gpio.o
 .comment       0x0000007e       0x7f .pio\build\bluepill_f103c8\FrameworkHALDriver\Src\stm32f1xx_hal_pcd.o
 .comment       0x0000007e       0x7f .pio\build\bluepill_f103c8\FrameworkHALDriver\Src\stm32f1xx_hal_pcd_ex.o
 .comment       0x0000007e       0x7f .pio\build\bluepill_f103c8\FrameworkHALDriver\Src\stm32f1xx_hal_rcc.o
 .comment       0x0000007e       0x7f .pio\build\bluepill_f103c8\FrameworkHALDriver\Src\stm32f1xx_hal_rcc_ex.o
 .comment       0x0000007e       0x7f .pio\build\bluepill_f103c8\FrameworkHALDriver\Src\stm32f1xx_ll_usb.o
 .comment       0x0000007e       0x7f .pio\build\bluepill_f103c8\src\main.o
 .comment       0x0000007e       0x7f .pio\build\bluepill_f103c8\src\stm32f1xx_hal_msp.o
 .comment       0x0000007e       0x7f .pio\build\bluepill_f103c8\src\stm32f1xx_it.o
 .comment       0x0000007e       0x7f .pio\build\bluepill_f103c8\src\system_stm32f1xx.o
 .comment       0x0000007e       0x7f .pio\build\bluepill_f103c8\src\usb_device.o
 .comment       0x0000007e       0x7f .pio\build\bluepill_f103c8\src\usbd_cdc.o
 .comment       0x0000007e       0x7f .pio\build\bluepill_f103c8\src\usbd_cdc_if.o
 .comment       0x0000007e       0x7f .pio\build\bluepill_f103c8\src\usbd_conf.o
 .comment       0x0000007e       0x7f .pio\build\bluepill_f103c8\src\usbd_core.o
 .comment       0x0000007e       0x7f .pio\build\bluepill_f103c8\src\usbd_ctlreq.o
 .comment       0x0000007e       0x7f .pio\build\bluepill_f103c8\src\usbd_desc.o
 .comment       0x0000007e       0x7f .pio\build\bluepill_f103c8\src\usbd_ioreq.o

.debug_frame    0x00000000       0x4c
 .debug_frame   0x00000000       0x2c c:/users/usuario/.platformio/packages/toolchain-gccarmnoneeabi/bin/../lib/gcc/arm-none-eabi/7.2.1/../../../../arm-none-eabi/lib/thumb/v7-m\libc_nano.a(lib_a-init.o)
 .debug_frame   0x0000002c       0x20 c:/users/usuario/.platformio/packages/toolchain-gccarmnoneeabi/bin/../lib/gcc/arm-none-eabi/7.2.1/../../../../arm-none-eabi/lib/thumb/v7-m\libc_nano.a(lib_a-memset.o)
